Microchip MPLAB XC8 Compiler V1.34 ()

Linker command line:

--edf=C:\Program Files (x86)\Microchip\xc8\v1.34\dat\en_msgs.txt -cs \
  -h+dist/default/production\PR22.X.production.sym \
  --cmf=dist/default/production\PR22.X.production.cmf -z -Q16F876A \
  -oC:\Users\TRAINE~1\AppData\Local\Temp\s2rk.6 \
  -Mdist/default/production/PR22.X.production.map -E1 -ver=XC8 \
  -ASTACK=0110h-016fh -pstack=STACK -ACODE=00h-07FFhx4 -ASTRCODE=00h-01FFFh \
  -ASTRING=00h-0FFhx32 -ACONST=00h-0FFhx32 -AENTRY=00h-0FFhx32 \
  -ACOMMON=070h-07Fh -ABANK0=020h-06Fh -ABANK1=0A0h-0EFh \
  -ABANK2=0110h-016Fh -ABANK3=0190h-01EFh \
  -ARAM=020h-06Fh,0A0h-0EFh,0110h-016Fh,0190h-01EFh \
  -AABS1=020h-07Fh,0A0h-0EFh,0110h-016Fh,0190h-01EFh -ASFR0=00h-01Fh \
  -ASFR1=080h-09Fh -ASFR2=0100h-010Fh -ASFR3=0180h-018Fh \
  -preset_vec=00h,intentry,init,end_init -ppowerup=CODE -pcinit=CODE \
  -pfunctab=CODE -ACONFIG=02007h-02007h -pconfig=CONFIG -DCONFIG=2 \
  -AIDLOC=02000h-02003h -pidloc=IDLOC -DIDLOC=2 -AEEDATA=00h-0FFh/02100h \
  -peeprom_data=EEDATA -DEEDATA=2 -DCODE=2 -DSTRCODE=2 -DSTRING=2 -DCONST=2 \
  -DENTRY=2 -k C:\Users\TRAINE~1\AppData\Local\Temp\s2rk.obj \
  dist/default/production\PR22.X.production.obj 

Object code version is 3.11

Machine type is 16F876A



                Name                               Link     Load   Length Selector   Space Scale
C:\Users\TRAINE~1\AppData\Local\Temp\s2rk.obj
                end_init                              0        0        3        0       0
                config                             2007     2007        1     400E       0
dist/default/production\PR22.X.production.obj
                cinit                               7F5      7F5        B      FEA       0
                text18                              B59      B59       3C     16B2       0
                text17                              B27      B27       32     164E       0
                text16                              D18      D18       6A     1A30       0
                text15                              ABE      ABE       23     157C       0
                text14                              AE1      AE1       23     15C2       0
                text13                              A77      A77       12     14EE       0
                text12                              A89      A89       16     1512       0
                text11                              B04      B04       23     1608       0
                text10                              A9F      A9F       1F     153E       0
                text9                               516      516      2DF      A2C       0
                text8                                E9       E9       5B      1D2       0
                text7                               C23      C23       4B     1846       0
                text6                               26C      26C      2AA      4D8       0
                text5                               CBA      CBA       5E     1974       0
                text4                               C6E      C6E       4C     18DC       0
                text3                               B95      B95       46     172A       0
                text2                               BDB      BDB       48     17B6       0
                text1                               D82      D82      27E     1B04       0
                maintext                            144      144      128      288       0
                cstackBANK0                          20       20       17       20       1
                cstackCOMMON                         70       70        E       70       1
                clrtext                             A6F      A6F        8     14DE       0
                bssBANK0                             37       37       11       20       1
                strings                               3        3       E4        6       0

TOTAL           Name                               Link     Load   Length     Space
        CLASS   STACK          

        CLASS   CODE           
                end_init                              0        0        3         0
                cinit                               7F5      7F5        B         0
                text18                              B59      B59       3C         0
                text17                              B27      B27       32         0
                text16                              D18      D18       6A         0
                text15                              ABE      ABE       23         0
                text14                              AE1      AE1       23         0
                text13                              A77      A77       12         0
                text12                              A89      A89       16         0
                text11                              B04      B04       23         0
                text10                              A9F      A9F       1F         0
                text9                               516      516      2DF         0
                text8                                E9       E9       5B         0
                text7                               C23      C23       4B         0
                text6                               26C      26C      2AA         0
                text5                               CBA      CBA       5E         0
                text4                               C6E      C6E       4C         0
                text3                               B95      B95       46         0
                text2                               BDB      BDB       48         0
                text1                               D82      D82      27E         0
                maintext                            144      144      128         0
                clrtext                             A6F      A6F        8         0

        CLASS   STRCODE        

        CLASS   STRING         
                strings                               3        3       E4         0

        CLASS   CONST          

        CLASS   ENTRY          

        CLASS   COMMON         
                cstackCOMMON                         70       70        E         1

        CLASS   BANK0          
                cstackBANK0                          20       20       17         1
                bssBANK0                             37       37       11         1

        CLASS   BANK1          

        CLASS   BANK2          

        CLASS   BANK3          

        CLASS   RAM            

        CLASS   ABS1           
                abs_s1                               7E       7E        2         1

        CLASS   SFR0           

        CLASS   SFR1           

        CLASS   SFR2           

        CLASS   SFR3           

        CLASS   CONFIG         
                config                             2007     2007        1         0

        CLASS   IDLOC          

        CLASS   EEDATA         



SEGMENTS        Name                           Load    Length   Top    Selector   Space  Class     Delta

                reset_vec                      000000  000003  000003         0       0  CODE        2
                strings                        000003  0000E4  0000E7         6       0  STRING      2
                cstackBANK0                    000020  000028  000048        20       1  BANK0       1
                cstackCOMMON                   000070  00000E  00007E        70       1  COMMON      1
                text8                          0000E9  00005B  000144       1D2       0  CODE        2
                maintext                       000144  000128  00026C       288       0  CODE        2
                text6                          00026C  0002AA  000516       4D8       0  CODE        2
                text9                          000516  0002DF  0007F5       A2C       0  CODE        2
                cinit                          0007F5  00000B  000800       FEA       0  CODE        2
                clrtext                        000A6F  000008  000A77      14DE       0  CODE        2
                text13                         000A77  000012  000A89      14EE       0  CODE        2
                text12                         000A89  000016  000A9F      1512       0  CODE        2
                text10                         000A9F  00001F  000ABE      153E       0  CODE        2
                text15                         000ABE  000023  000AE1      157C       0  CODE        2
                text14                         000AE1  000023  000B04      15C2       0  CODE        2
                text11                         000B04  000023  000B27      1608       0  CODE        2
                text17                         000B27  000032  000B59      164E       0  CODE        2
                text18                         000B59  00003C  000B95      16B2       0  CODE        2
                text3                          000B95  000046  000BDB      172A       0  CODE        2
                text2                          000BDB  000048  000C23      17B6       0  CODE        2
                text7                          000C23  00004B  000C6E      1846       0  CODE        2
                text4                          000C6E  00004C  000CBA      18DC       0  CODE        2
                text5                          000CBA  00005E  000D18      1974       0  CODE        2
                text16                         000D18  00006A  000D82      1A30       0  CODE        2
                text1                          000D82  00027E  001000      1B04       0  CODE        2
                config                         002007  000001  002008      400E       0  CONFIG      2


UNUSED ADDRESS RANGES

        Name                Unused          Largest block    Delta
        BANK0            0048-006F             28           1
        BANK1            00A0-00EF             50           1
        BANK2            0110-016F             60           1
        BANK3            0190-01EF             60           1
        CODE             00E7-00E8              2           2
                         0800-0A6E            26F
                         1000-1FFF            800
        CONST            00E7-00E8              2           2
                         0800-0A6E            100
                         1000-1FFF            100
        EEDATA           2100-21FF            100           2
        ENTRY            00E7-00E8              2           2
                         0800-0A6E            100
                         1000-1FFF            100
        IDLOC            2000-2003              4           2
        RAM              0048-006F             28           1
                         00A0-00EF             50
                         0110-016F             60
                         0190-01EF             60
        SFR0             0000-001F             20           1
        SFR1             0080-009F             20           1
        SFR2             0100-010F             10           1
        SFR3             0180-018F             10           1
        STACK            0110-016F             60           1
        STRCODE          00E7-00E8              2           2
                         0800-0A6E            26F
                         1000-1FFF           1000
        STRING           00E7-00E8              2           2
                         0800-0A6E            100
                         1000-1FFF            100

                                  Symbol Table

?___awdiv                 cstackCOMMON 0077
?___awmod                 cstackCOMMON 0070
?___lldiv                 cstackCOMMON 0070
?___llmod                 cstackCOMMON 0070
?___lwdiv                 cstackCOMMON 0076
?___lwmod                 cstackCOMMON 0070
_ACKDT                    (abs)        048D
_ACKEN                    (abs)        048C
_ADCON1                   (abs)        009F
_CCP1CON                  (abs)        0017
_CCP2CON                  (abs)        001D
_CCPR1L                   (abs)        0015
_CCPR2L                   (abs)        001B
_PEN                      (abs)        048A
_PORTB                    (abs)        0006
_PR2                      (abs)        0092
_RA0                      (abs)        0028
_RA1                      (abs)        0029
_RA2                      (abs)        002A
_RA3                      (abs)        002B
_RA5                      (abs)        002D
_RC0                      (abs)        0038
_RC5                      (abs)        003D
_RC6                      (abs)        003E
_RC7                      (abs)        003F
_RCEN                     (abs)        048B
_SEN                      (abs)        0488
_SSPADD                   (abs)        0093
_SSPBUF                   (abs)        0013
_SSPCON                   (abs)        0014
_SSPCON2                  (abs)        0091
_SSPIF                    (abs)        0063
_SSPSTAT                  (abs)        0094
_T2CON                    (abs)        0012
_TRISA                    (abs)        0085
_TRISB                    (abs)        0086
_TRISC                    (abs)        0087
__CFG_BOREN$OFF           (abs)        0000
__CFG_CP$OFF              (abs)        0000
__CFG_CPD$OFF             (abs)        0000
__CFG_DEBUG$OFF           (abs)        0000
__CFG_FOSC$HS             (abs)        0000
__CFG_LVP$OFF             (abs)        0000
__CFG_PWRTE$ON            (abs)        0000
__CFG_WDTE$OFF            (abs)        0000
__CFG_WRT$OFF             (abs)        0000
__Habs1                   abs1         0000
__Hbank0                  bank0        0000
__Hbank1                  bank1        0000
__Hbank2                  bank2        0000
__Hbank3                  bank3        0000
__HbssBANK0               bssBANK0     0000
__Hcinit                  cinit        0800
__Hclrtext                clrtext      0000
__Hcode                   code         0000
__Hcommon                 common       0000
__Hconfig                 config       2008
__HcstackBANK0            cstackBANK0  0000
__HcstackCOMMON           cstackCOMMON 0000
__Heeprom_data            eeprom_data  0000
__Hend_init               end_init     0003
__Hfunctab                functab      0000
__Hidloc                  idloc        0000
__Hinit                   init         0000
__Hintentry               intentry     0000
__Hmaintext               maintext     0000
__Hpowerup                powerup      0000
__Hram                    ram          0000
__Hreset_vec              reset_vec    0000
__Hsfr0                   sfr0         0000
__Hsfr1                   sfr1         0000
__Hsfr2                   sfr2         0000
__Hsfr3                   sfr3         0000
__Hspace_0                (abs)        2008
__Hspace_1                (abs)        007E
__Hspace_2                (abs)        0000
__Hspace_3                (abs)        0000
__Hstack                  stack        0000
__Hstrings                strings      0000
__Htext                   text         0000
__Labs1                   abs1         0000
__Lbank0                  bank0        0000
__Lbank1                  bank1        0000
__Lbank2                  bank2        0000
__Lbank3                  bank3        0000
__LbssBANK0               bssBANK0     0000
__Lcinit                  cinit        07F5
__Lclrtext                clrtext      0000
__Lcode                   code         0000
__Lcommon                 common       0000
__Lconfig                 config       2007
__LcstackBANK0            cstackBANK0  0000
__LcstackCOMMON           cstackCOMMON 0000
__Leeprom_data            eeprom_data  0000
__Lend_init               end_init     0000
__Lfunctab                functab      0000
__Lidloc                  idloc        0000
__Linit                   init         0000
__Lintentry               intentry     0000
__Lmaintext               maintext     0000
__Lpowerup                powerup      0000
__Lram                    ram          0000
__Lreset_vec              reset_vec    0000
__Lsfr0                   sfr0         0000
__Lsfr1                   sfr1         0000
__Lsfr2                   sfr2         0000
__Lsfr3                   sfr3         0000
__Lspace_0                (abs)        0000
__Lspace_1                (abs)        0000
__Lspace_2                (abs)        0000
__Lspace_3                (abs)        0000
__Lstack                  stack        0000
__Lstrings                strings      0000
__Ltext                   text         0000
__S0                      (abs)        2008
__S1                      (abs)        007E
__S2                      (abs)        0000
__S3                      (abs)        0000
___awdiv                  text8        00E9
___awdiv@counter          cstackBANK0  0020
___awdiv@dividend         cstackCOMMON 0079
___awdiv@divisor          cstackCOMMON 0077
___awdiv@quotient         cstackBANK0  0022
___awdiv@sign             cstackBANK0  0021
___awmod                  text7        0C23
___awmod@counter          cstackCOMMON 0075
___awmod@dividend         cstackCOMMON 0072
___awmod@divisor          cstackCOMMON 0070
___awmod@sign             cstackCOMMON 0076
___int_sp                 stack        0000
___latbits                (abs)        0002
___lldiv                  text5        0CBA
___lldiv@counter          cstackCOMMON 007D
___lldiv@dividend         cstackCOMMON 0074
___lldiv@divisor          cstackCOMMON 0070
___lldiv@quotient         cstackCOMMON 0079
___llmod                  text4        0C6E
___llmod@counter          cstackCOMMON 0079
___llmod@dividend         cstackCOMMON 0074
___llmod@divisor          cstackCOMMON 0070
___lwdiv                  text18       0B59
___lwdiv@counter          cstackCOMMON 007D
___lwdiv@dividend         cstackCOMMON 0078
___lwdiv@divisor          cstackCOMMON 0076
___lwdiv@quotient         cstackCOMMON 007B
___lwmod                  text17       0B27
___lwmod@counter          cstackCOMMON 0075
___lwmod@dividend         cstackCOMMON 0072
___lwmod@divisor          cstackCOMMON 0070
___sp                     stack        0000
__end_of___awdiv          text8        0144
__end_of___awmod          text7        0C6E
__end_of___lldiv          text5        0D18
__end_of___llmod          text4        0CBA
__end_of___lwdiv          text18       0B95
__end_of___lwmod          text17       0B59
__end_of__initialization  cinit        07FC
__end_of__stringtab       strings      0009
__end_of_delay            text15       0AE1
__end_of_i2c_start        text16       0D82
__end_of_lcd_clr          text13       0A89
__end_of_lcd_goto         text12       0A9F
__end_of_main             maintext     026C
__end_of_mode1            text9        07F5
__end_of_mode2            text6        0516
__end_of_mode3            text1        1000
__end_of_send_char        text11       0B27
__end_of_send_config      text14       0B04
__end_of_send_string      text10       0ABE
__end_of_spi_baro         text2        0C23
__end_of_spi_start        text3        0BDB
__initialization          cinit        07F5
__pbssBANK0               bssBANK0     0037
__pcstackBANK0            cstackBANK0  0020
__pcstackCOMMON           cstackCOMMON 0070
__pmaintext               maintext     0144
__pstrings                strings      0003
__ptext1                  text1        0D82
__ptext10                 text10       0A9F
__ptext11                 text11       0B04
__ptext12                 text12       0A89
__ptext13                 text13       0A77
__ptext14                 text14       0AE1
__ptext15                 text15       0ABE
__ptext16                 text16       0D18
__ptext17                 text17       0B27
__ptext18                 text18       0B59
__ptext2                  text2        0BDB
__ptext3                  text3        0B95
__ptext4                  text4        0C6E
__ptext5                  text5        0CBA
__ptext6                  text6        026C
__ptext7                  text7        0C23
__ptext8                  text8        00E9
__ptext9                  text9        0516
__size_of___awdiv         (abs)        0000
__size_of___awmod         (abs)        0000
__size_of___lldiv         (abs)        0000
__size_of___llmod         (abs)        0000
__size_of___lwdiv         (abs)        0000
__size_of___lwmod         (abs)        0000
__size_of_delay           (abs)        0000
__size_of_i2c_start       (abs)        0000
__size_of_lcd_clr         (abs)        0000
__size_of_lcd_goto        (abs)        0000
__size_of_main            (abs)        0000
__size_of_mode1           (abs)        0000
__size_of_mode2           (abs)        0000
__size_of_mode3           (abs)        0000
__size_of_send_char       (abs)        0000
__size_of_send_config     (abs)        0000
__size_of_send_string     (abs)        0000
__size_of_spi_baro        (abs)        0000
__size_of_spi_start       (abs)        0000
__stringbase              strings      0008
__stringtab               strings      0003
_delay                    text15       0ABE
_i2c_master_data          bssBANK0     0037
_i2c_master_rcvb          bssBANK0     003E
_i2c_start                text16       0D18
_lcd_clr                  text13       0A77
_lcd_goto                 text12       0A89
_main                     maintext     0144
_mode                     bssBANK0     0045
_mode1                    text9        0516
_mode2                    text6        026C
_mode3                    text1        0D82
_send_char                text11       0B04
_send_config              text14       0AE1
_send_string              text10       0A9F
_spi_baro                 text2        0BDB
_spi_baro_rcvb            bssBANK0     0046
_spi_start                text3        0B95
btemp                     (abs)        007E
clear_ram0                clrtext      0A6F
delay@data                cstackCOMMON 0070
end_of_initialization     cinit        07FC
i2c_start@address         cstackCOMMON 0075
i2c_start@i               cstackCOMMON 0076
i2c_start@operation       cstackCOMMON 0071
i2c_start@size            cstackCOMMON 0070
intlevel0                 functab      0000
intlevel1                 functab      0000
intlevel2                 functab      0000
intlevel3                 functab      0000
intlevel4                 functab      0000
intlevel5                 functab      0000
lcd_goto@data             cstackCOMMON 007A
ltemp                     (abs)        007E
ltemp0                    (abs)        007E
ltemp1                    (abs)        0082
ltemp2                    (abs)        0086
ltemp3                    (abs)        0080
mode1@result              cstackBANK0  0022
mode1@submode             cstackBANK0  0024
mode2@capacitance         cstackBANK0  0033
mode2@capacitance_raw     cstackBANK0  0029
mode2@i                   cstackBANK0  0032
mode2@temperature         cstackBANK0  0031
mode2@temperature_raw     cstackBANK0  002D
mode3@pressure            cstackBANK0  002E
mode3@pressure_raw        cstackBANK0  002A
mode3@temp                cstackBANK0  0032
mode3@temperature         cstackBANK0  0034
mode3@temperature_raw     cstackBANK0  0028
reset_vec                 reset_vec    0000
send_char@data            cstackCOMMON 0078
send_config@data          cstackCOMMON 0078
send_string@s             cstackCOMMON 007A
spi_baro@data             cstackBANK0  0020
spi_baro@operation        cstackBANK0  0021
spi_baro@register_address cstackBANK0  0023
spi_start@data            cstackCOMMON 0079
spi_start@i               cstackCOMMON 007B
spi_start@rcvb            cstackCOMMON 007A
stackhi                   (abs)        0000
stacklo                   (abs)        0000
start                     init         0000
start_initialization      cinit        07F5
ttemp                     (abs)        007E
ttemp0                    (abs)        007E
ttemp1                    (abs)        0081
ttemp2                    (abs)        0084
ttemp3                    (abs)        0087
ttemp4                    (abs)        007F
wtemp                     (abs)        007E
wtemp0                    (abs)        007E
wtemp1                    (abs)        0080
wtemp2                    (abs)        0082
wtemp3                    (abs)        0084
wtemp4                    (abs)        0086
wtemp5                    (abs)        0088
wtemp6                    (abs)        007F


FUNCTION INFORMATION:

 *************** function _main *****************
 Defined at:
		line 83 in file "../../Source file/PR22.c"
 Parameters:    Size  Location     Type
		None
 Auto vars:     Size  Location     Type
		None
 Return value:  Size  Location     Type
		None               void
 Registers used:
		wreg, fsr0l, fsr0h, status,2, status,0, btemp+1, pclath, cstack
 Tracked objects:
		On entry : 
		On exit  : 
		Unchanged: 
 Data sizes:     COMMON   BANK0   BANK1   BANK3   BANK2
      Params:         0       0       0       0       0
      Locals:         0       0       0       0       0
      Temps:          0       1       0       0       0
      Totals:         0       1       0       0       0
Total ram usage:        1 bytes
 Hardware stack levels required when called:    4
 This function calls:
		_delay
		_lcd_clr
		_lcd_goto
		_mode1
		_mode2
		_mode3
		_send_config
		_send_string
 This function is called by:
		Startup code after reset
 This function uses a non-reentrant model


 *************** function _mode3 *****************
 Defined at:
		line 491 in file "../../Source file/PR22.c"
 Parameters:    Size  Location     Type
		None
 Auto vars:     Size  Location     Type
  pressure        4   14[BANK0 ] unsigned long 
  pressure_raw    4   10[BANK0 ] unsigned long 
  temperature     2   20[BANK0 ] unsigned int 
  temp            2   18[BANK0 ] unsigned int 
  temperature_    2    8[BANK0 ] unsigned int 
 Return value:  Size  Location     Type
		None               void
 Registers used:
		wreg, fsr0l, fsr0h, status,2, status,0, btemp+1, pclath, cstack
 Tracked objects:
		On entry : 
		On exit  : 
		Unchanged: 
 Data sizes:     COMMON   BANK0   BANK1   BANK3   BANK2
      Params:         0       0       0       0       0
      Locals:         0      14       0       0       0
      Temps:          0       4       0       0       0
      Totals:         0      18       0       0       0
Total ram usage:       18 bytes
 Hardware stack levels used:    1
 Hardware stack levels required when called:    3
 This function calls:
		___lldiv
		___llmod
		___lwdiv
		___lwmod
		_delay
		_lcd_clr
		_lcd_goto
		_send_char
		_send_string
		_spi_baro
 This function is called by:
		_main
 This function uses a non-reentrant model


 *************** function _spi_baro *****************
 Defined at:
		line 657 in file "../../Source file/PR22.c"
 Parameters:    Size  Location     Type
  register_add    1    wreg     unsigned char 
  data            1    0[BANK0 ] unsigned char 
  operation       2    1[BANK0 ] unsigned int 
 Auto vars:     Size  Location     Type
  register_add    1    3[BANK0 ] unsigned char 
 Return value:  Size  Location     Type
		None               void
 Registers used:
		wreg, status,2, status,0, pclath, cstack
 Tracked objects:
		On entry : 
		On exit  : 
		Unchanged: 
 Data sizes:     COMMON   BANK0   BANK1   BANK3   BANK2
      Params:         0       3       0       0       0
      Locals:         0       1       0       0       0
      Temps:          2       0       0       0       0
      Totals:         2       4       0       0       0
Total ram usage:        6 bytes
 Hardware stack levels used:    1
 Hardware stack levels required when called:    2
 This function calls:
		_spi_start
 This function is called by:
		_mode3
 This function uses a non-reentrant model


 *************** function _spi_start *****************
 Defined at:
		line 676 in file "../../Source file/PR22.c"
 Parameters:    Size  Location     Type
  data            1    wreg     unsigned char 
 Auto vars:     Size  Location     Type
  data            1    9[COMMON] unsigned char 
  i               1   11[COMMON] unsigned char 
  rcvb            1   10[COMMON] unsigned char 
 Return value:  Size  Location     Type
                  1    wreg      unsigned char 
 Registers used:
		wreg, status,2, status,0, pclath, cstack
 Tracked objects:
		On entry : 
		On exit  : 
		Unchanged: 
 Data sizes:     COMMON   BANK0   BANK1   BANK3   BANK2
      Params:         0       0       0       0       0
      Locals:         3       0       0       0       0
      Temps:          1       0       0       0       0
      Totals:         4       0       0       0       0
Total ram usage:        4 bytes
 Hardware stack levels used:    1
 Hardware stack levels required when called:    1
 This function calls:
		_delay
 This function is called by:
		_spi_baro
 This function uses a non-reentrant model


 *************** function ___llmod *****************
 Defined at:
		line 6 in file "C:\Program Files (x86)\Microchip\xc8\v1.34\sources\common\llmod.c"
 Parameters:    Size  Location     Type
  divisor         4    0[COMMON] unsigned long 
  dividend        4    4[COMMON] unsigned long 
 Auto vars:     Size  Location     Type
  counter         1    9[COMMON] unsigned char 
 Return value:  Size  Location     Type
                  4    0[COMMON] unsigned long 
 Registers used:
		wreg, status,2, status,0
 Tracked objects:
		On entry : 
		On exit  : 
		Unchanged: 
 Data sizes:     COMMON   BANK0   BANK1   BANK3   BANK2
      Params:         8       0       0       0       0
      Locals:         1       0       0       0       0
      Temps:          1       0       0       0       0
      Totals:        10       0       0       0       0
Total ram usage:       10 bytes
 Hardware stack levels used:    1
 This function calls:
		Nothing
 This function is called by:
		_mode3
 This function uses a non-reentrant model


 *************** function ___lldiv *****************
 Defined at:
		line 6 in file "C:\Program Files (x86)\Microchip\xc8\v1.34\sources\common\lldiv.c"
 Parameters:    Size  Location     Type
  divisor         4    0[COMMON] unsigned long 
  dividend        4    4[COMMON] unsigned long 
 Auto vars:     Size  Location     Type
  quotient        4    9[COMMON] unsigned long 
  counter         1   13[COMMON] unsigned char 
 Return value:  Size  Location     Type
                  4    0[COMMON] unsigned long 
 Registers used:
		wreg, status,2, status,0
 Tracked objects:
		On entry : 
		On exit  : 
		Unchanged: 
 Data sizes:     COMMON   BANK0   BANK1   BANK3   BANK2
      Params:         8       0       0       0       0
      Locals:         5       0       0       0       0
      Temps:          1       0       0       0       0
      Totals:        14       0       0       0       0
Total ram usage:       14 bytes
 Hardware stack levels used:    1
 This function calls:
		Nothing
 This function is called by:
		_mode3
 This function uses a non-reentrant model


 *************** function _mode2 *****************
 Defined at:
		line 351 in file "../../Source file/PR22.c"
 Parameters:    Size  Location     Type
		None
 Auto vars:     Size  Location     Type
  temperature_    4   13[BANK0 ] unsigned long 
  capacitance_    4    9[BANK0 ] unsigned long 
  capacitance     2   19[BANK0 ] unsigned int 
  i               1   18[BANK0 ] unsigned char 
  temperature     1   17[BANK0 ] unsigned char 
 Return value:  Size  Location     Type
		None               void
 Registers used:
		wreg, fsr0l, fsr0h, status,2, status,0, pclath, cstack
 Tracked objects:
		On entry : 
		On exit  : 
		Unchanged: 
 Data sizes:     COMMON   BANK0   BANK1   BANK3   BANK2
      Params:         0       0       0       0       0
      Locals:         0      12       0       0       0
      Temps:          0       5       0       0       0
      Totals:         0      17       0       0       0
Total ram usage:       17 bytes
 Hardware stack levels used:    1
 Hardware stack levels required when called:    3
 This function calls:
		___awdiv
		___awmod
		___lwdiv
		___lwmod
		_delay
		_i2c_start
		_lcd_clr
		_lcd_goto
		_send_char
		_send_string
 This function is called by:
		_main
 This function uses a non-reentrant model


 *************** function ___awmod *****************
 Defined at:
		line 6 in file "C:\Program Files (x86)\Microchip\xc8\v1.34\sources\common\awmod.c"
 Parameters:    Size  Location     Type
  divisor         2    0[COMMON] int 
  dividend        2    2[COMMON] int 
 Auto vars:     Size  Location     Type
  sign            1    6[COMMON] unsigned char 
  counter         1    5[COMMON] unsigned char 
 Return value:  Size  Location     Type
                  2    0[COMMON] int 
 Registers used:
		wreg, status,2, status,0
 Tracked objects:
		On entry : 
		On exit  : 
		Unchanged: 
 Data sizes:     COMMON   BANK0   BANK1   BANK3   BANK2
      Params:         4       0       0       0       0
      Locals:         2       0       0       0       0
      Temps:          1       0       0       0       0
      Totals:         7       0       0       0       0
Total ram usage:        7 bytes
 Hardware stack levels used:    1
 This function calls:
		Nothing
 This function is called by:
		_mode2
 This function uses a non-reentrant model


 *************** function ___awdiv *****************
 Defined at:
		line 6 in file "C:\Program Files (x86)\Microchip\xc8\v1.34\sources\common\awdiv.c"
 Parameters:    Size  Location     Type
  divisor         2    7[COMMON] int 
  dividend        2    9[COMMON] int 
 Auto vars:     Size  Location     Type
  quotient        2    2[BANK0 ] int 
  sign            1    1[BANK0 ] unsigned char 
  counter         1    0[BANK0 ] unsigned char 
 Return value:  Size  Location     Type
                  2    7[COMMON] int 
 Registers used:
		wreg, status,2, status,0
 Tracked objects:
		On entry : 
		On exit  : 
		Unchanged: 
 Data sizes:     COMMON   BANK0   BANK1   BANK3   BANK2
      Params:         4       0       0       0       0
      Locals:         0       4       0       0       0
      Temps:          1       0       0       0       0
      Totals:         5       4       0       0       0
Total ram usage:        9 bytes
 Hardware stack levels used:    1
 This function calls:
		Nothing
 This function is called by:
		_mode2
 This function uses a non-reentrant model


 *************** function _mode1 *****************
 Defined at:
		line 193 in file "../../Source file/PR22.c"
 Parameters:    Size  Location     Type
		None
 Auto vars:     Size  Location     Type
  result          2    2[BANK0 ] unsigned int 
  submode         1    4[BANK0 ] unsigned char 
 Return value:  Size  Location     Type
		None               void
 Registers used:
		wreg, fsr0l, fsr0h, status,2, status,0, btemp+1, pclath, cstack
 Tracked objects:
		On entry : 
		On exit  : 
		Unchanged: 
 Data sizes:     COMMON   BANK0   BANK1   BANK3   BANK2
      Params:         0       0       0       0       0
      Locals:         0       3       0       0       0
      Temps:          0       2       0       0       0
      Totals:         0       5       0       0       0
Total ram usage:        5 bytes
 Hardware stack levels used:    1
 Hardware stack levels required when called:    3
 This function calls:
		___lwdiv
		___lwmod
		_delay
		_i2c_start
		_lcd_clr
		_lcd_goto
		_send_char
		_send_string
 This function is called by:
		_main
 This function uses a non-reentrant model


 *************** function _send_string *****************
 Defined at:
		line 608 in file "../../Source file/PR22.c"
 Parameters:    Size  Location     Type
  s               1    wreg     PTR const unsigned char 
		 -> STR_27(4), STR_26(6), STR_25(6), STR_24(5), 
		 -> STR_23(10), STR_22(6), STR_21(6), STR_20(17), 
		 -> STR_19(17), STR_18(5), STR_17(5), STR_16(5), 
		 -> STR_15(15), STR_14(5), STR_13(9), STR_12(16), 
		 -> STR_11(16), STR_10(16), STR_9(16), STR_8(3), 
		 -> STR_7(8), STR_6(8), STR_5(8), STR_4(3), 
		 -> STR_3(8), STR_2(5), STR_1(13), 
 Auto vars:     Size  Location     Type
  s               1   10[COMMON] PTR const unsigned char 
		 -> STR_27(4), STR_26(6), STR_25(6), STR_24(5), 
		 -> STR_23(10), STR_22(6), STR_21(6), STR_20(17), 
		 -> STR_19(17), STR_18(5), STR_17(5), STR_16(5), 
		 -> STR_15(15), STR_14(5), STR_13(9), STR_12(16), 
		 -> STR_11(16), STR_10(16), STR_9(16), STR_8(3), 
		 -> STR_7(8), STR_6(8), STR_5(8), STR_4(3), 
		 -> STR_3(8), STR_2(5), STR_1(13), 
 Return value:  Size  Location     Type
		None               void
 Registers used:
		wreg, fsr0l, fsr0h, status,2, status,0, pclath, cstack
 Tracked objects:
		On entry : 
		On exit  : 
		Unchanged: 
 Data sizes:     COMMON   BANK0   BANK1   BANK3   BANK2
      Params:         0       0       0       0       0
      Locals:         1       0       0       0       0
      Temps:          1       0       0       0       0
      Totals:         2       0       0       0       0
Total ram usage:        2 bytes
 Hardware stack levels used:    1
 Hardware stack levels required when called:    2
 This function calls:
		_send_char
 This function is called by:
		_main
		_mode1
		_mode2
		_mode3
 This function uses a non-reentrant model


 *************** function _send_char *****************
 Defined at:
		line 579 in file "../../Source file/PR22.c"
 Parameters:    Size  Location     Type
  data            1    wreg     unsigned char 
 Auto vars:     Size  Location     Type
  data            1    8[COMMON] unsigned char 
 Return value:  Size  Location     Type
		None               void
 Registers used:
		wreg, status,2, status,0, pclath, cstack
 Tracked objects:
		On entry : 
		On exit  : 
		Unchanged: 
 Data sizes:     COMMON   BANK0   BANK1   BANK3   BANK2
      Params:         0       0       0       0       0
      Locals:         1       0       0       0       0
      Temps:          0       0       0       0       0
      Totals:         1       0       0       0       0
Total ram usage:        1 bytes
 Hardware stack levels used:    1
 Hardware stack levels required when called:    1
 This function calls:
		_delay
 This function is called by:
		_mode1
		_mode2
		_mode3
		_send_string
 This function uses a non-reentrant model


 *************** function _lcd_goto *****************
 Defined at:
		line 589 in file "../../Source file/PR22.c"
 Parameters:    Size  Location     Type
  data            1    wreg     unsigned char 
 Auto vars:     Size  Location     Type
  data            1   10[COMMON] unsigned char 
 Return value:  Size  Location     Type
		None               void
 Registers used:
		wreg, status,2, status,0, pclath, cstack
 Tracked objects:
		On entry : 
		On exit  : 
		Unchanged: 
 Data sizes:     COMMON   BANK0   BANK1   BANK3   BANK2
      Params:         0       0       0       0       0
      Locals:         1       0       0       0       0
      Temps:          1       0       0       0       0
      Totals:         2       0       0       0       0
Total ram usage:        2 bytes
 Hardware stack levels used:    1
 Hardware stack levels required when called:    2
 This function calls:
		_send_config
 This function is called by:
		_main
		_mode1
		_mode2
		_mode3
 This function uses a non-reentrant model


 *************** function _lcd_clr *****************
 Defined at:
		line 602 in file "../../Source file/PR22.c"
 Parameters:    Size  Location     Type
		None
 Auto vars:     Size  Location     Type
		None
 Return value:  Size  Location     Type
		None               void
 Registers used:
		wreg, status,2, status,0, pclath, cstack
 Tracked objects:
		On entry : 
		On exit  : 
		Unchanged: 
 Data sizes:     COMMON   BANK0   BANK1   BANK3   BANK2
      Params:         0       0       0       0       0
      Locals:         0       0       0       0       0
      Temps:          0       0       0       0       0
      Totals:         0       0       0       0       0
Total ram usage:        0 bytes
 Hardware stack levels used:    1
 Hardware stack levels required when called:    2
 This function calls:
		_delay
		_send_config
 This function is called by:
		_main
		_mode1
		_mode2
		_mode3
 This function uses a non-reentrant model


 *************** function _send_config *****************
 Defined at:
		line 569 in file "../../Source file/PR22.c"
 Parameters:    Size  Location     Type
  data            1    wreg     unsigned char 
 Auto vars:     Size  Location     Type
  data            1    8[COMMON] unsigned char 
 Return value:  Size  Location     Type
		None               void
 Registers used:
		wreg, status,2, status,0, pclath, cstack
 Tracked objects:
		On entry : 
		On exit  : 
		Unchanged: 
 Data sizes:     COMMON   BANK0   BANK1   BANK3   BANK2
      Params:         0       0       0       0       0
      Locals:         1       0       0       0       0
      Temps:          0       0       0       0       0
      Totals:         1       0       0       0       0
Total ram usage:        1 bytes
 Hardware stack levels used:    1
 Hardware stack levels required when called:    1
 This function calls:
		_delay
 This function is called by:
		_main
		_lcd_goto
		_lcd_clr
 This function uses a non-reentrant model


 *************** function _delay *****************
 Defined at:
		line 564 in file "../../Source file/PR22.c"
 Parameters:    Size  Location     Type
  data            4    0[COMMON] unsigned long 
 Auto vars:     Size  Location     Type
		None
 Return value:  Size  Location     Type
		None               void
 Registers used:
		wreg
 Tracked objects:
		On entry : 
		On exit  : 
		Unchanged: 
 Data sizes:     COMMON   BANK0   BANK1   BANK3   BANK2
      Params:         4       0       0       0       0
      Locals:         0       0       0       0       0
      Temps:          4       0       0       0       0
      Totals:         8       0       0       0       0
Total ram usage:        8 bytes
 Hardware stack levels used:    1
 This function calls:
		Nothing
 This function is called by:
		_main
		_mode1
		_mode2
		_mode3
		_send_config
		_send_char
		_lcd_clr
		_spi_start
 This function uses a non-reentrant model


 *************** function _i2c_start *****************
 Defined at:
		line 613 in file "../../Source file/PR22.c"
 Parameters:    Size  Location     Type
  address         1    wreg     unsigned char 
  size            1    0[COMMON] unsigned char 
  operation       2    1[COMMON] unsigned int 
 Auto vars:     Size  Location     Type
  address         1    5[COMMON] unsigned char 
  i               1    6[COMMON] unsigned char 
 Return value:  Size  Location     Type
		None               void
 Registers used:
		wreg, fsr0l, fsr0h, status,2, status,0
 Tracked objects:
		On entry : 
		On exit  : 
		Unchanged: 
 Data sizes:     COMMON   BANK0   BANK1   BANK3   BANK2
      Params:         3       0       0       0       0
      Locals:         2       0       0       0       0
      Temps:          2       0       0       0       0
      Totals:         7       0       0       0       0
Total ram usage:        7 bytes
 Hardware stack levels used:    1
 This function calls:
		Nothing
 This function is called by:
		_mode1
		_mode2
 This function uses a non-reentrant model


 *************** function ___lwmod *****************
 Defined at:
		line 6 in file "C:\Program Files (x86)\Microchip\xc8\v1.34\sources\common\lwmod.c"
 Parameters:    Size  Location     Type
  divisor         2    0[COMMON] unsigned int 
  dividend        2    2[COMMON] unsigned int 
 Auto vars:     Size  Location     Type
  counter         1    5[COMMON] unsigned char 
 Return value:  Size  Location     Type
                  2    0[COMMON] unsigned int 
 Registers used:
		wreg, status,2, status,0
 Tracked objects:
		On entry : 
		On exit  : 
		Unchanged: 
 Data sizes:     COMMON   BANK0   BANK1   BANK3   BANK2
      Params:         4       0       0       0       0
      Locals:         1       0       0       0       0
      Temps:          1       0       0       0       0
      Totals:         6       0       0       0       0
Total ram usage:        6 bytes
 Hardware stack levels used:    1
 This function calls:
		Nothing
 This function is called by:
		_mode1
		_mode2
		_mode3
 This function uses a non-reentrant model


 *************** function ___lwdiv *****************
 Defined at:
		line 6 in file "C:\Program Files (x86)\Microchip\xc8\v1.34\sources\common\lwdiv.c"
 Parameters:    Size  Location     Type
  divisor         2    6[COMMON] unsigned int 
  dividend        2    8[COMMON] unsigned int 
 Auto vars:     Size  Location     Type
  quotient        2   11[COMMON] unsigned int 
  counter         1   13[COMMON] unsigned char 
 Return value:  Size  Location     Type
                  2    6[COMMON] unsigned int 
 Registers used:
		wreg, status,2, status,0
 Tracked objects:
		On entry : 
		On exit  : 
		Unchanged: 
 Data sizes:     COMMON   BANK0   BANK1   BANK3   BANK2
      Params:         4       0       0       0       0
      Locals:         3       0       0       0       0
      Temps:          1       0       0       0       0
      Totals:         8       0       0       0       0
Total ram usage:        8 bytes
 Hardware stack levels used:    1
 This function calls:
		Nothing
 This function is called by:
		_mode1
		_mode2
		_mode3
 This function uses a non-reentrant model



MODULE INFORMATION

Module		Function		Class		Link	Load	Size
../../Source file/PR22.c
		_mode1         		CODE           	0516	0000	736
		_spi_baro      		CODE           	0BDB	0000	73
		_delay         		CODE           	0ABE	0000	36
		_i2c_start     		CODE           	0D18	0000	107
		_mode2         		CODE           	026C	0000	683
		_main          		CODE           	0144	0000	297
		_mode3         		CODE           	0D82	0000	639
		_lcd_clr       		CODE           	0A77	0000	19
		_lcd_goto      		CODE           	0A89	0000	23
		_send_string   		CODE           	0A9F	0000	32
		_send_config   		CODE           	0AE1	0000	36
		_send_char     		CODE           	0B04	0000	36
		_spi_start     		CODE           	0B95	0000	71

../../Source file/PR22.c estimated size: 2788

C:\Program Files (x86)\Microchip\xc8\v1.34\sources\common\lwmod.c
		___lwmod       		CODE           	0B27	0000	51

C:\Program Files (x86)\Microchip\xc8\v1.34\sources\common\lwmod.c estimated size: 51

C:\Program Files (x86)\Microchip\xc8\v1.34\sources\common\awmod.c
		___awmod       		CODE           	0C23	0000	76

C:\Program Files (x86)\Microchip\xc8\v1.34\sources\common\awmod.c estimated size: 76

C:\Program Files (x86)\Microchip\xc8\v1.34\sources\common\llmod.c
		___llmod       		CODE           	0C6E	0000	77

C:\Program Files (x86)\Microchip\xc8\v1.34\sources\common\llmod.c estimated size: 77

shared
		__stringtab    		STRING         	0003	0000	7
		__initializatio		CODE           	07F5	0000	8

shared estimated size: 15

C:\Program Files (x86)\Microchip\xc8\v1.34\sources\common\lwdiv.c
		___lwdiv       		CODE           	0B59	0000	61

C:\Program Files (x86)\Microchip\xc8\v1.34\sources\common\lwdiv.c estimated size: 61

C:\Program Files (x86)\Microchip\xc8\v1.34\sources\common\awdiv.c
		___awdiv       		CODE           	00E9	0000	92

C:\Program Files (x86)\Microchip\xc8\v1.34\sources\common\awdiv.c estimated size: 92

C:\Program Files (x86)\Microchip\xc8\v1.34\sources\common\lldiv.c
		___lldiv       		CODE           	0CBA	0000	95

C:\Program Files (x86)\Microchip\xc8\v1.34\sources\common\lldiv.c estimated size: 95

